Archive member included because of file (symbol)

d:/downloads/dave_4-4-2_64bit_2018-02-23/dave-ide-4.4.2-64bit/dave-ide-4.4.2-64bit/eclipse/arm-gcc-49/bin/../lib/gcc/arm-none-eabi/4.9.3/armv6-m\libgcc.a(_aeabi_uldivmod.o)
                              ./Dave/Generated/TIMER/timer.o (__aeabi_uldivmod)
d:/downloads/dave_4-4-2_64bit_2018-02-23/dave-ide-4.4.2-64bit/dave-ide-4.4.2-64bit/eclipse/arm-gcc-49/bin/../lib/gcc/arm-none-eabi/4.9.3/armv6-m\libgcc.a(_muldi3.o)
                              ./Dave/Generated/TIMER/timer.o (__aeabi_lmul)
d:/downloads/dave_4-4-2_64bit_2018-02-23/dave-ide-4.4.2-64bit/dave-ide-4.4.2-64bit/eclipse/arm-gcc-49/bin/../lib/gcc/arm-none-eabi/4.9.3/armv6-m\libgcc.a(_fixunssfsi.o)
                              ./Libraries/XMCLib/src/xmc_usic.o (__aeabi_f2uiz)
d:/downloads/dave_4-4-2_64bit_2018-02-23/dave-ide-4.4.2-64bit/dave-ide-4.4.2-64bit/eclipse/arm-gcc-49/bin/../lib/gcc/arm-none-eabi/4.9.3/armv6-m\libgcc.a(bpabi.o)
                              d:/downloads/dave_4-4-2_64bit_2018-02-23/dave-ide-4.4.2-64bit/dave-ide-4.4.2-64bit/eclipse/arm-gcc-49/bin/../lib/gcc/arm-none-eabi/4.9.3/armv6-m\libgcc.a(_aeabi_uldivmod.o) (__gnu_uldivmod_helper)
d:/downloads/dave_4-4-2_64bit_2018-02-23/dave-ide-4.4.2-64bit/dave-ide-4.4.2-64bit/eclipse/arm-gcc-49/bin/../lib/gcc/arm-none-eabi/4.9.3/armv6-m\libgcc.a(divsf3.o)
                              ./Libraries/XMCLib/src/xmc_usic.o (__aeabi_fdiv)
d:/downloads/dave_4-4-2_64bit_2018-02-23/dave-ide-4.4.2-64bit/dave-ide-4.4.2-64bit/eclipse/arm-gcc-49/bin/../lib/gcc/arm-none-eabi/4.9.3/armv6-m\libgcc.a(mulsf3.o)
                              ./Libraries/XMCLib/src/xmc_usic.o (__aeabi_fmul)
d:/downloads/dave_4-4-2_64bit_2018-02-23/dave-ide-4.4.2-64bit/dave-ide-4.4.2-64bit/eclipse/arm-gcc-49/bin/../lib/gcc/arm-none-eabi/4.9.3/armv6-m\libgcc.a(subsf3.o)
                              d:/downloads/dave_4-4-2_64bit_2018-02-23/dave-ide-4.4.2-64bit/dave-ide-4.4.2-64bit/eclipse/arm-gcc-49/bin/../lib/gcc/arm-none-eabi/4.9.3/armv6-m\libgcc.a(_fixunssfsi.o) (__aeabi_fsub)
d:/downloads/dave_4-4-2_64bit_2018-02-23/dave-ide-4.4.2-64bit/dave-ide-4.4.2-64bit/eclipse/arm-gcc-49/bin/../lib/gcc/arm-none-eabi/4.9.3/armv6-m\libgcc.a(fixsfsi.o)
                              d:/downloads/dave_4-4-2_64bit_2018-02-23/dave-ide-4.4.2-64bit/dave-ide-4.4.2-64bit/eclipse/arm-gcc-49/bin/../lib/gcc/arm-none-eabi/4.9.3/armv6-m\libgcc.a(_fixunssfsi.o) (__aeabi_f2iz)
d:/downloads/dave_4-4-2_64bit_2018-02-23/dave-ide-4.4.2-64bit/dave-ide-4.4.2-64bit/eclipse/arm-gcc-49/bin/../lib/gcc/arm-none-eabi/4.9.3/armv6-m\libgcc.a(floatunsisf.o)
                              ./Libraries/XMCLib/src/xmc_usic.o (__aeabi_ui2f)
d:/downloads/dave_4-4-2_64bit_2018-02-23/dave-ide-4.4.2-64bit/dave-ide-4.4.2-64bit/eclipse/arm-gcc-49/bin/../lib/gcc/arm-none-eabi/4.9.3/armv6-m\libgcc.a(_dvmd_tls.o)
                              d:/downloads/dave_4-4-2_64bit_2018-02-23/dave-ide-4.4.2-64bit/dave-ide-4.4.2-64bit/eclipse/arm-gcc-49/bin/../lib/gcc/arm-none-eabi/4.9.3/armv6-m\libgcc.a(_aeabi_uldivmod.o) (__aeabi_ldiv0)
d:/downloads/dave_4-4-2_64bit_2018-02-23/dave-ide-4.4.2-64bit/dave-ide-4.4.2-64bit/eclipse/arm-gcc-49/bin/../lib/gcc/arm-none-eabi/4.9.3/armv6-m\libgcc.a(_arm_cmpsf2.o)
                              d:/downloads/dave_4-4-2_64bit_2018-02-23/dave-ide-4.4.2-64bit/dave-ide-4.4.2-64bit/eclipse/arm-gcc-49/bin/../lib/gcc/arm-none-eabi/4.9.3/armv6-m\libgcc.a(_fixunssfsi.o) (__aeabi_fcmpge)
d:/downloads/dave_4-4-2_64bit_2018-02-23/dave-ide-4.4.2-64bit/dave-ide-4.4.2-64bit/eclipse/arm-gcc-49/bin/../lib/gcc/arm-none-eabi/4.9.3/armv6-m\libgcc.a(_clzsi2.o)
                              d:/downloads/dave_4-4-2_64bit_2018-02-23/dave-ide-4.4.2-64bit/dave-ide-4.4.2-64bit/eclipse/arm-gcc-49/bin/../lib/gcc/arm-none-eabi/4.9.3/armv6-m\libgcc.a(divsf3.o) (__clzsi2)
d:/downloads/dave_4-4-2_64bit_2018-02-23/dave-ide-4.4.2-64bit/dave-ide-4.4.2-64bit/eclipse/arm-gcc-49/bin/../lib/gcc/arm-none-eabi/4.9.3/armv6-m\libgcc.a(_divdi3.o)
                              d:/downloads/dave_4-4-2_64bit_2018-02-23/dave-ide-4.4.2-64bit/dave-ide-4.4.2-64bit/eclipse/arm-gcc-49/bin/../lib/gcc/arm-none-eabi/4.9.3/armv6-m\libgcc.a(bpabi.o) (__divdi3)
d:/downloads/dave_4-4-2_64bit_2018-02-23/dave-ide-4.4.2-64bit/dave-ide-4.4.2-64bit/eclipse/arm-gcc-49/bin/../lib/gcc/arm-none-eabi/4.9.3/armv6-m\libgcc.a(_udivdi3.o)
                              d:/downloads/dave_4-4-2_64bit_2018-02-23/dave-ide-4.4.2-64bit/dave-ide-4.4.2-64bit/eclipse/arm-gcc-49/bin/../lib/gcc/arm-none-eabi/4.9.3/armv6-m\libgcc.a(bpabi.o) (__udivdi3)
d:/downloads/dave_4-4-2_64bit_2018-02-23/dave-ide-4.4.2-64bit/dave-ide-4.4.2-64bit/eclipse/arm-gcc-49/bin/../lib/gcc/arm-none-eabi/4.9.3/armv6-m\libgcc.a(eqsf2.o)
                              d:/downloads/dave_4-4-2_64bit_2018-02-23/dave-ide-4.4.2-64bit/dave-ide-4.4.2-64bit/eclipse/arm-gcc-49/bin/../lib/gcc/arm-none-eabi/4.9.3/armv6-m\libgcc.a(_arm_cmpsf2.o) (__eqsf2)
[...]
Memory Configuration

Name             Origin             Length             Attributes
FLASH            0x10001000         0x00032000         xr
SRAM             0x20000000         0x00004000         !xr
*default*        0x00000000         0xffffffff

Linker script and memory map

LOAD ./Startup/startup_XMC1400.o
LOAD ./Startup/system_XMC1400.o
LOAD ./Libraries/XMCLib/src/xmc1_eru.o
LOAD ./Libraries/XMCLib/src/xmc1_flash.o
LOAD ./Libraries/XMCLib/src/xmc1_gpio.o
LOAD ./Libraries/XMCLib/src/xmc1_rtc.o
LOAD ./Libraries/XMCLib/src/xmc1_scu.o
LOAD ./Libraries/XMCLib/src/xmc_acmp.o
LOAD ./Libraries/XMCLib/src/xmc_bccu.o
LOAD ./Libraries/XMCLib/src/xmc_can.o
LOAD ./Libraries/XMCLib/src/xmc_ccu4.o
LOAD ./Libraries/XMCLib/src/xmc_ccu8.o
LOAD ./Libraries/XMCLib/src/xmc_common.o
LOAD ./Libraries/XMCLib/src/xmc_eru.o
LOAD ./Libraries/XMCLib/src/xmc_gpio.o
LOAD ./Libraries/XMCLib/src/xmc_i2c.o
LOAD ./Libraries/XMCLib/src/xmc_i2s.o
LOAD ./Libraries/XMCLib/src/xmc_ledts.o
LOAD ./Libraries/XMCLib/src/xmc_math.o
LOAD ./Libraries/XMCLib/src/xmc_pau.o
LOAD ./Libraries/XMCLib/src/xmc_posif.o
LOAD ./Libraries/XMCLib/src/xmc_prng.o
LOAD ./Libraries/XMCLib/src/xmc_rtc.o
LOAD ./Libraries/XMCLib/src/xmc_spi.o
LOAD ./Libraries/XMCLib/src/xmc_uart.o
LOAD ./Libraries/XMCLib/src/xmc_usic.o
LOAD ./Libraries/XMCLib/src/xmc_vadc.o
LOAD ./Libraries/XMCLib/src/xmc_wdt.o
LOAD ./Libraries/Newlib/syscalls.o
LOAD ./Dave/Generated/TIMER/timer.o
LOAD ./Dave/Generated/TIMER/timer_conf.o
LOAD ./Dave/Generated/INTERRUPT/interrupt.o
LOAD ./Dave/Generated/INTERRUPT/interrupt_conf.o
LOAD ./Dave/Generated/GLOBAL_CCU4/global_ccu4.o
LOAD ./Dave/Generated/GLOBAL_CCU4/global_ccu4_conf.o
LOAD ./Dave/Generated/DIGITAL_IO/digital_io.o
LOAD ./Dave/Generated/DIGITAL_IO/digital_io_conf.o
LOAD ./Dave/Generated/CPU_CTRL_XMC1/cpu_ctrl_xmc1.o
LOAD ./Dave/Generated/CPU_CTRL_XMC1/cpu_ctrl_xmc1_conf.o
LOAD ./Dave/Generated/CLOCK_XMC1/clock_xmc1.o
LOAD ./Dave/Generated/CLOCK_XMC1/clock_xmc1_conf.o
LOAD ./Dave/Generated/DAVE.o
LOAD ./main.o
LOAD d:/downloads/dave_4-4-2_64bit_2018-02-23/dave-ide-4.4.2-64bit/dave-ide-4.4.2-64bit/eclipse/arm-gcc-49/bin/../lib/gcc/arm-none-eabi/4.9.3/../../../../arm-none-eabi/lib/armv6-m\libm.a
START GROUP
LOAD d:/downloads/dave_4-4-2_64bit_2018-02-23/dave-ide-4.4.2-64bit/dave-ide-4.4.2-64bit/eclipse/arm-gcc-49/bin/../lib/gcc/arm-none-eabi/4.9.3/armv6-m\libgcc.a
LOAD d:/downloads/dave_4-4-2_64bit_2018-02-23/dave-ide-4.4.2-64bit/dave-ide-4.4.2-64bit/eclipse/arm-gcc-49/bin/../lib/gcc/arm-none-eabi/4.9.3/../../../../arm-none-eabi/lib/armv6-m\libg_nano.a
LOAD d:/downloads/dave_4-4-2_64bit_2018-02-23/dave-ide-4.4.2-64bit/dave-ide-4.4.2-64bit/eclipse/arm-gcc-49/bin/../lib/gcc/arm-none-eabi/4.9.3/../../../../arm-none-eabi/lib/armv6-m\libc_nano.a
END GROUP
START GROUP
LOAD d:/downloads/dave_4-4-2_64bit_2018-02-23/dave-ide-4.4.2-64bit/dave-ide-4.4.2-64bit/eclipse/arm-gcc-49/bin/../lib/gcc/arm-none-eabi/4.9.3/armv6-m\libgcc.a
LOAD d:/downloads/dave_4-4-2_64bit_2018-02-23/dave-ide-4.4.2-64bit/dave-ide-4.4.2-64bit/eclipse/arm-gcc-49/bin/../lib/gcc/arm-none-eabi/4.9.3/../../../../arm-none-eabi/lib/armv6-m\libc_nano.a
LOAD d:/downloads/dave_4-4-2_64bit_2018-02-23/dave-ide-4.4.2-64bit/dave-ide-4.4.2-64bit/eclipse/arm-gcc-49/bin/../lib/gcc/arm-none-eabi/4.9.3/../../../../arm-none-eabi/lib/armv6-m\libnosys.a
END GROUP
START GROUP
LOAD d:/downloads/dave_4-4-2_64bit_2018-02-23/dave-ide-4.4.2-64bit/dave-ide-4.4.2-64bit/eclipse/arm-gcc-49/bin/../lib/gcc/arm-none-eabi/4.9.3/armv6-m\libgcc.a
LOAD d:/downloads/dave_4-4-2_64bit_2018-02-23/dave-ide-4.4.2-64bit/dave-ide-4.4.2-64bit/eclipse/arm-gcc-49/bin/../lib/gcc/arm-none-eabi/4.9.3/../../../../arm-none-eabi/lib/armv6-m\libc_nano.a
LOAD d:/downloads/dave_4-4-2_64bit_2018-02-23/dave-ide-4.4.2-64bit/dave-ide-4.4.2-64bit/eclipse/arm-gcc-49/bin/../lib/gcc/arm-none-eabi/4.9.3/../../../../arm-none-eabi/lib/armv6-m\libnosys.a
END GROUP
                0x00000400                stack_size = DEFINED (stack_size)?stack_size:0x400
                0x00000004                no_init_size = 0x4

.text           0x10001000      0xf80
                0x10001000                sText = .
 *(.reset)
 .reset         0x10001000       0xa0 ./Startup/startup_XMC1400.o
                0x10001000                __Vectors
                0x1000101c                Reset_Handler
                0x1000109c                SysTick_Handler
                0x1000109c                IRQ5_Handler
                0x1000109c                PendSV_Handler
                0x1000109c                IRQ16_Handler
                0x1000109c                IRQ4_Handler
                0x1000109c                HardFault_Handler
                0x1000109c                IRQ23_Handler
                0x1000109c                IRQ22_Handler
                0x1000109c                IRQ29_Handler
                0x1000109c                IRQ20_Handler
                0x1000109c                IRQ13_Handler
                0x1000109c                IRQ25_Handler
                0x1000109c                IRQ30_Handler
                0x1000109c                IRQ21_Handler
                0x1000109c                IRQ31_Handler
                0x1000109c                IRQ28_Handler
                0x1000109c                IRQ2_Handler
                0x1000109c                IRQ10_Handler
                0x1000109c                IRQ24_Handler
                0x1000109c                SVC_Handler
                0x1000109c                IRQ1_Handler
                0x1000109c                IRQ19_Handler
                0x1000109c                IRQ6_Handler
                0x1000109c                IRQ15_Handler
                0x1000109c                IRQ18_Handler
                0x1000109c                IRQ11_Handler
                0x1000109c                IRQ14_Handler
                0x1000109c                IRQ9_Handler
                0x1000109c                IRQ7_Handler
                0x1000109c                IRQ12_Handler
                0x1000109c                IRQ8_Handler
                0x1000109c                IRQ3_Handler
                0x1000109c                IRQ27_Handler
                0x1000109c                IRQ26_Handler
                0x1000109c                IRQ17_Handler
 *(.text .text.* .gnu.linkonce.t.*)
 .text.SystemInit
                0x100010a0       0x10 ./Startup/system_XMC1400.o
                0x100010a0                SystemInit
 .text.SystemCoreClockUpdate
                0x100010b0       0xc8 ./Startup/system_XMC1400.o
                0x100010b0                SystemCoreClockUpdate
 .text.OSCHP_GetFrequency
                0x10001178       0x10 ./Startup/system_XMC1400.o
                0x10001178                OSCHP_GetFrequency
 .text.XMC_GPIO_Init
                0x10001188      0x17c ./Libraries/XMCLib/src/xmc1_gpio.o
                0x10001188                XMC_GPIO_Init
 .text.XMC_SCU_LockProtectedBits
                0x10001304       0x14 ./Libraries/XMCLib/src/xmc1_scu.o
                0x10001304                XMC_SCU_LockProtectedBits
 .text.XMC_SCU_UnlockProtectedBits
                0x10001318       0x20 ./Libraries/XMCLib/src/xmc1_scu.o
                0x10001318                XMC_SCU_UnlockProtectedBits
 .text.XMC_SCU_CLOCK_Init
                0x10001338      0x168 ./Libraries/XMCLib/src/xmc1_scu.o
                0x10001338                XMC_SCU_CLOCK_Init
 .text.XMC_SCU_CLOCK_UngatePeripheralClock
                0x100014a0       0x34 ./Libraries/XMCLib/src/xmc1_scu.o
                0x100014a0                XMC_SCU_CLOCK_UngatePeripheralClock
 .text.XMC_SCU_CLOCK_ScaleMCLKFrequency
                0x100014d4       0xbc ./Libraries/XMCLib/src/xmc1_scu.o
                0x100014d4                XMC_SCU_CLOCK_ScaleMCLKFrequency
 .text.XMC_SCU_CLOCK_lFrequencyUpScaling
                0x10001590       0x54 ./Libraries/XMCLib/src/xmc1_scu.o
 .text.XMC_SCU_CLOCK_lFrequencyDownScaling
                0x100015e4       0x5c ./Libraries/XMCLib/src/xmc1_scu.o
 .text.XMC_SCU_SetInterruptControl
                0x10001640       0x8c ./Libraries/XMCLib/src/xmc1_scu.o
                0x10001640                XMC_SCU_SetInterruptControl
 .text.XMC_CCU4_StartPrescaler
                0x100016cc       0x18 ./Libraries/XMCLib/src/xmc_ccu4.o
 .text.XMC_CCU4_lUngateClock
                0x100016e4       0x38 ./Libraries/XMCLib/src/xmc_ccu4.o
 .text.XMC_CCU4_EnableModule
                0x1000171c       0x18 ./Libraries/XMCLib/src/xmc_ccu4.o
                0x1000171c                XMC_CCU4_EnableModule
 .text.XMC_CCU4_Init
                0x10001734       0x48 ./Libraries/XMCLib/src/xmc_ccu4.o
                0x10001734                XMC_CCU4_Init
 .text.XMC_CCU4_SLICE_CompareInit
                0x1000177c       0x68 ./Libraries/XMCLib/src/xmc_ccu4.o
                0x1000177c                XMC_CCU4_SLICE_CompareInit
 .text.XMC_CCU4_SLICE_SetInterruptNode
                0x100017e4       0xa8 ./Libraries/XMCLib/src/xmc_ccu4.o
                0x100017e4                XMC_CCU4_SLICE_SetInterruptNode
 .text.XMC_GPIO_SetHardwareControl
                0x1000188c       0x4c ./Libraries/XMCLib/src/xmc_gpio.o
                0x1000188c                XMC_GPIO_SetHardwareControl
 .text.__aeabi_uidiv
                0x100018d8       0x50 ./Libraries/XMCLib/src/xmc_math.o
                0x100018d8                __aeabi_uidiv
 .text._init    0x10001928        0x8 ./Libraries/Newlib/syscalls.o
                0x10001928                _init
 .text.XMC_CCU4_EnableClock
                0x10001930       0x20 ./Dave/Generated/TIMER/timer.o
 .text.XMC_CCU4_SLICE_StartTimer
                0x10001950       0x14 ./Dave/Generated/TIMER/timer.o
 .text.XMC_CCU4_SLICE_ClearTimer
                0x10001964       0x14 ./Dave/Generated/TIMER/timer.o
 .text.XMC_CCU4_SLICE_SetTimerPeriodMatch
                0x10001978       0x1c ./Dave/Generated/TIMER/timer.o
 .text.XMC_CCU4_SLICE_SetTimerCompareMatch
                0x10001994       0x1c ./Dave/Generated/TIMER/timer.o
 .text.XMC_CCU4_EnableShadowTransfer
                0x100019b0       0x18 ./Dave/Generated/TIMER/timer.o
 .text.XMC_CCU4_SLICE_EnableEvent
                0x100019c8       0x2c ./Dave/Generated/TIMER/timer.o
 .text.TIMER_Init
                0x100019f4       0x48 ./Dave/Generated/TIMER/timer.o
                0x100019f4                TIMER_Init
 .text.TIMER_CCU4_lInit
                0x10001a3c       0xa4 ./Dave/Generated/TIMER/timer.o
                0x10001a3c                TIMER_CCU4_lInit
 .text.TIMER_CCU4_lShadowTransfer
                0x10001ae0       0x3c ./Dave/Generated/TIMER/timer.o
                0x10001ae0                TIMER_CCU4_lShadowTransfer
 .text.__NVIC_EnableIRQ
                0x10001b1c       0x34 ./Dave/Generated/INTERRUPT/interrupt.o
 .text.__NVIC_SetPriority
                0x10001b50       0xd4 ./Dave/Generated/INTERRUPT/interrupt.o
 .text.INTERRUPT_Enable
                0x10001c24       0x1c ./Dave/Generated/INTERRUPT/interrupt.o
 .text.INTERRUPT_Init
                0x10001c40       0x58 ./Dave/Generated/INTERRUPT/interrupt.o
                0x10001c40                INTERRUPT_Init
 .text.XMC_CCU4_StartPrescaler
                0x10001c98       0x18 ./Dave/Generated/GLOBAL_CCU4/global_ccu4.o
 .text.GLOBAL_CCU4_Init
                0x10001cb0       0x40 ./Dave/Generated/GLOBAL_CCU4/global_ccu4.o
                0x10001cb0                GLOBAL_CCU4_Init
 .text.DIGITAL_IO_Init
                0x10001cf0       0x40 ./Dave/Generated/DIGITAL_IO/digital_io.o
                0x10001cf0                DIGITAL_IO_Init
 .text.SystemCoreSetup
                0x10001d30       0x18 ./Dave/Generated/CPU_CTRL_XMC1/cpu_ctrl_xmc1_conf.o
                0x10001d30                SystemCoreSetup
 .text.CLOCK_XMC1_Init
                0x10001d48       0x84 ./Dave/Generated/CLOCK_XMC1/clock_xmc1.o
                0x10001d48                CLOCK_XMC1_Init
 .text.SystemCoreClockSetup
                0x10001dcc       0x24 ./Dave/Generated/CLOCK_XMC1/clock_xmc1_conf.o
                0x10001dcc                SystemCoreClockSetup
 .text.DAVE_Init
                0x10001df0       0x78 ./Dave/Generated/DAVE.o
                0x10001df0                DAVE_Init
 .text.XMC_GPIO_ToggleOutput
                0x10001e68       0x24 ./main.o
 .text.DIGITAL_IO_ToggleOutput
                0x10001e8c       0x20 ./main.o
 .text.main     0x10001eac       0x1c ./main.o
                0x10001eac                main
 .text.IRQ0_Handler
                0x10001ec8       0x14 ./main.o
                0x10001ec8                IRQ0_Handler
 .text.__libc_init_array
                0x10001edc       0x4c d:/downloads/dave_4-4-2_64bit_2018-02-23/dave-ide-4.4.2-64bit/dave-ide-4.4.2-64bit/eclipse/arm-gcc-49/bin/../lib/gcc/arm-none-eabi/4.9.3/../../../../arm-none-eabi/lib/armv6-m\libg_nano.a(lib_a-init.o)
                0x10001edc                __libc_init_array
 *(.init)
 *(.fini)
 *crtbegin.o(.ctors)
 *crtbegin?.o(.ctors)
 *(EXCLUDE_FILE(*crtend.o *crtend?.o) .ctors)
 *(SORT(.ctors.*))
 *(.ctors)
 *crtbegin.o(.dtors)
 *crtbegin?.o(.dtors)
 *(EXCLUDE_FILE(*crtend.o *crtend?.o) .dtors)
 *(SORT(.dtors.*))
 *(.dtors)
 *(.rodata .rodata.*)
 .rodata.XMC_CCU4_SLICE_SetInterruptNode
                0x10001f28       0x30 ./Libraries/XMCLib/src/xmc_ccu4.o
 .rodata.Timer0_INT
                0x10001f58        0x8 ./Dave/Generated/INTERRUPT/interrupt_conf.o
                0x10001f58                Timer0_INT
 .rodata.LED0   0x10001f60       0x10 ./Dave/Generated/DIGITAL_IO/digital_io_conf.o
                0x10001f60                LED0
 .rodata        0x10001f70       0x10 ./Dave/Generated/CLOCK_XMC1/clock_xmc1_conf.o
 *(.gnu.linkonce.r*)
 *(vtable)
                0x10001f80                . = ALIGN (0x4)

.glue_7         0x10001f80        0x0
 .glue_7        0x00000000        0x0 linker stubs

.glue_7t        0x10001f80        0x0
 .glue_7t       0x00000000        0x0 linker stubs

.vfp11_veneer   0x10001f80        0x0
 .vfp11_veneer  0x00000000        0x0 linker stubs

.v4_bx          0x10001f80        0x0
 .v4_bx         0x00000000        0x0 linker stubs

.iplt           0x10001f80        0x0
 .iplt          0x00000000        0x0 ./Startup/startup_XMC1400.o

.eh_frame_hdr
 *(.eh_frame_hdr)

.eh_frame
 *(.eh_frame)

.ARM.extab
 *(.ARM.extab* .gnu.linkonce.armextab.*)
                0x10001f80                . = ALIGN (0x4)
                0x10001f80                __exidx_start = .

.ARM.exidx
 *(.ARM.exidx* .gnu.linkonce.armexidx.*)
                0x10001f80                __exidx_end = .
                0x10001f80                . = ALIGN (0x4)

.VENEER_Code    0x2000000c      0x144 load address 0x10001f80
                0x2000000c                . = ALIGN (0x4)
                0x2000000c                VeneerStart = .
 *(.XmcVeneerCode)
 .XmcVeneerCode
                0x2000000c      0x144 ./Startup/startup_XMC1400.o
                0x2000000c                HardFault_Veener
                0x2000002c                SVC_Veener
                0x20000038                PendSV_Veener
                0x2000003c                SysTick_Veener
                0x20000040                IRQ0_Veener
                0x20000044                IRQ1_Veener
                0x20000048                IRQ2_Veener
                0x2000004c                IRQ3_Veener
                0x20000050                IRQ4_Veener
                0x20000054                IRQ5_Veener
                0x20000058                IRQ6_Veener
                0x2000005c                IRQ7_Veener
                0x20000060                IRQ8_Veener
                0x20000064                IRQ9_Veener
                0x20000068                IRQ10_Veener
                0x2000006c                IRQ11_Veener
                0x20000070                IRQ12_Veener
                0x20000074                IRQ13_Veener
                0x20000078                IRQ14_Veener
                0x2000007c                IRQ15_Veener
                0x20000080                IRQ16_Veener
                0x20000084                IRQ17_Veener
                0x20000088                IRQ18_Veener
                0x2000008c                IRQ19_Veener
                0x20000090                IRQ20_Veener
                0x20000094                IRQ21_Veener
                0x20000098                IRQ22_Veener
                0x2000009c                IRQ23_Veener
                0x200000a0                IRQ24_Veener
                0x200000a4                IRQ25_Veener
                0x200000a8                IRQ26_Veener
                0x200000ac                IRQ27_Veener
                0x200000b0                IRQ28_Veener
                0x200000b4                IRQ29_Veener
                0x200000b8                IRQ30_Veener
                0x200000bc                IRQ31_Veener
                0x20000150                . = ALIGN (0x4)
                0x20000150                VeneerEnd = .
                0x10001f80                eROData = LOADADDR (.VENEER_Code)
                0x00000144                VeneerSize = (ABSOLUTE (VeneerEnd) - ABSOLUTE (VeneerStart))

.rel.dyn        0x20000150        0x0 load address 0x100020c4
 .rel.iplt      0x00000000        0x0 ./Startup/startup_XMC1400.o

Stack           0x20000150      0x400 load address 0x00000000
                0x20000150                . = ALIGN (0x8)
                0x20000550                . = (. + stack_size)
 *fill*         0x20000150      0x400 
                0x20000550                __initial_sp = .

.data           0x20000550       0x40 load address 0x100020c4
                0x20000550                . = ALIGN (0x4)
                0x20000550                __data_start = .
 *(.data)
 *(.data*)
 .data.TIMER_0_config
                0x20000550        0x8 ./Dave/Generated/TIMER/timer_conf.o
                0x20000550                TIMER_0_config
 .data.TIMER_0  0x20000558       0x28 ./Dave/Generated/TIMER/timer_conf.o
                0x20000558                TIMER_0
 .data.GLOBAL_CCU4_0
                0x20000580       0x10 ./Dave/Generated/GLOBAL_CCU4/global_ccu4_conf.o
                0x20000580                GLOBAL_CCU4_0
 *(*.data)
 *(.gnu.linkonce.d*)
                0x20000590                . = ALIGN (0x4)
                0x20000590                PROVIDE (__preinit_array_start, .)
 *(.preinit_array)
                0x20000590                PROVIDE (__preinit_array_end, .)
                0x20000590                . = ALIGN (0x4)
                0x20000590                PROVIDE (__init_array_start, .)
 *(SORT(.init_array.*))
 *(.init_array)
                0x20000590                PROVIDE (__init_array_end, .)
                0x20000590                . = ALIGN (0x4)
                0x20000590                PROVIDE (__fini_array_start, .)
 *(SORT(.fini_array.*))
 *(.fini_array)
                0x20000590                PROVIDE (__fini_array_end, .)
                0x20000590                . = ALIGN (0x4)
                0x20000590                __data_end = .
                0x100020c4                DataLoadAddr = LOADADDR (.data)
                0x00000040                __data_size = (__data_end - __data_start)

.igot.plt       0x20000590        0x0 load address 0x10002104
 .igot.plt      0x00000000        0x0 ./Startup/startup_XMC1400.o

.ram_code       0x20000590        0x0 load address 0x10002104
                0x20000590                . = ALIGN (0x4)
                0x20000590                __ram_code_start = .
 *(.ram_code)
                0x20000590                . = ALIGN (0x4)
                0x20000590                __ram_code_end = .
                0x10002104                __ram_code_load = LOADADDR (.ram_code)
                0x00000000                __ram_code_size = (__ram_code_end - __ram_code_start)
                0x00001104                __text_size = ((((__exidx_end - sText) + VeneerSize) + __data_size) + __ram_code_size)
                0x10002104                eText = (sText + __text_size)

.bss            0x20000590       0x10 load address 0x10002104
                0x20000590                . = ALIGN (0x4)
                0x20000590                __bss_start = .
 *(.bss)
 *(.bss*)
 .bss.IDIV.5134
                0x20000590        0x4 ./Startup/system_XMC1400.o
 .bss.FDIV.5135
                0x20000594        0x4 ./Startup/system_XMC1400.o
 .bss.CLOCK_XMC1_0
                0x20000598        0x4 ./Dave/Generated/CLOCK_XMC1/clock_xmc1_conf.o
                0x20000598                CLOCK_XMC1_0
 *(COMMON)
 *(.gnu.linkonce.b*)
                0x2000059c                . = ALIGN (0x4)
                0x2000059c                __bss_end = .
                0x200005a0                . = ALIGN (0x8)
 *fill*         0x2000059c        0x4 
                0x200005a0                Heap_Bank1_Start = .
                0x0000000c                __bss_size = (__bss_end - __bss_start)

.no_init        0x20003ffc        0x4 load address 0x00003eac
                0x20003ffc                Heap_Bank1_End = .
 *(.no_init)
 .no_init       0x20003ffc        0x4 ./Startup/system_XMC1400.o
                0x20003ffc                SystemCoreClock
                0x00003a5c                Heap_Bank1_Size = (Heap_Bank1_End - Heap_Bank1_Start)
                0x00000001                ASSERT ((Heap_Bank1_Start <= Heap_Bank1_End), region SRAM overflowed no_init section)

/DISCARD/
 *(.comment)

.stab
 *(.stab)

.stabstr
 *(.stabstr)

.debug
 *(.debug)

.line
 *(.line)

.debug_srcinfo
 *(.debug_srcinfo)

.debug_sfnames
 *(.debug_sfnames)

.debug_aranges  0x00000000      0x6f0
 *(.debug_aranges)
 .debug_aranges
                0x00000000       0x28 ./Startup/startup_XMC1400.o
 .debug_aranges
                0x00000028       0x40 ./Startup/system_XMC1400.o
 .debug_aranges
                0x00000068       0x28 ./Libraries/XMCLib/src/xmc1_gpio.o
 .debug_aranges
                0x00000090      0x160 ./Libraries/XMCLib/src/xmc1_scu.o
 .debug_aranges
                0x000001f0      0x128 ./Libraries/XMCLib/src/xmc_ccu4.o
 .debug_aranges
                0x00000318       0x28 ./Libraries/XMCLib/src/xmc_gpio.o
 .debug_aranges
                0x00000340       0xf0 ./Libraries/XMCLib/src/xmc_math.o
 .debug_aranges
                0x00000430       0x28 ./Libraries/Newlib/syscalls.o
 .debug_aranges
                0x00000458       0xd8 ./Dave/Generated/TIMER/timer.o
 .debug_aranges
                0x00000530       0x18 ./Dave/Generated/TIMER/timer_conf.o
 .debug_aranges
                0x00000548       0x40 ./Dave/Generated/INTERRUPT/interrupt.o
 .debug_aranges
                0x00000588       0x18 ./Dave/Generated/INTERRUPT/interrupt_conf.o
 .debug_aranges
                0x000005a0       0x30 ./Dave/Generated/GLOBAL_CCU4/global_ccu4.o
 .debug_aranges
                0x000005d0       0x18 ./Dave/Generated/GLOBAL_CCU4/global_ccu4_conf.o
 .debug_aranges
                0x000005e8       0x28 ./Dave/Generated/DIGITAL_IO/digital_io.o
 .debug_aranges
                0x00000610       0x18 ./Dave/Generated/DIGITAL_IO/digital_io_conf.o
 .debug_aranges
                0x00000628       0x20 ./Dave/Generated/CPU_CTRL_XMC1/cpu_ctrl_xmc1_conf.o
 .debug_aranges
                0x00000648       0x30 ./Dave/Generated/CLOCK_XMC1/clock_xmc1.o
 .debug_aranges
                0x00000678       0x20 ./Dave/Generated/CLOCK_XMC1/clock_xmc1_conf.o
 .debug_aranges
                0x00000698       0x20 ./Dave/Generated/DAVE.o
 .debug_aranges
                0x000006b8       0x38 ./main.o

.debug_pubnames
 *(.debug_pubnames)

.debug_pubtypes
 *(.debug_pubtypes)

.debug_info     0x00000000     0xa37c
 *(.debug_info .gnu.linkonce.wi.*)
 .debug_info    0x00000000       0x9c ./Startup/startup_XMC1400.o
 .debug_info    0x0000009c      0x617 ./Startup/system_XMC1400.o
 .debug_info    0x000006b3      0x4f1 ./Libraries/XMCLib/src/xmc1_gpio.o
 .debug_info    0x00000ba4     0x15df ./Libraries/XMCLib/src/xmc1_scu.o
 .debug_info    0x00002183     0x15e9 ./Libraries/XMCLib/src/xmc_ccu4.o
 .debug_info    0x0000376c      0x484 ./Libraries/XMCLib/src/xmc_gpio.o
 .debug_info    0x00003bf0      0xd46 ./Libraries/XMCLib/src/xmc_math.o
 .debug_info    0x00004936      0x11f ./Libraries/Newlib/syscalls.o
 .debug_info    0x00004a55      0xe46 ./Dave/Generated/TIMER/timer.o
 .debug_info    0x0000589b      0x8ef ./Dave/Generated/TIMER/timer_conf.o
 .debug_info    0x0000618a      0x9aa ./Dave/Generated/INTERRUPT/interrupt.o
 .debug_info    0x00006b34      0x67b ./Dave/Generated/INTERRUPT/interrupt_conf.o
 .debug_info    0x000071af      0x407 ./Dave/Generated/GLOBAL_CCU4/global_ccu4.o
 .debug_info    0x000075b6      0x307 ./Dave/Generated/GLOBAL_CCU4/global_ccu4_conf.o
 .debug_info    0x000078bd      0x5a6 ./Dave/Generated/DIGITAL_IO/digital_io.o
 .debug_info    0x00007e63      0x4e1 ./Dave/Generated/DIGITAL_IO/digital_io_conf.o
 .debug_info    0x00008344      0x34b ./Dave/Generated/CPU_CTRL_XMC1/cpu_ctrl_xmc1_conf.o
 .debug_info    0x0000868f      0x2d2 ./Dave/Generated/CLOCK_XMC1/clock_xmc1.o
 .debug_info    0x00008961      0x35e ./Dave/Generated/CLOCK_XMC1/clock_xmc1_conf.o
 .debug_info    0x00008cbf     0x10ec ./Dave/Generated/DAVE.o
 .debug_info    0x00009dab      0x5d1 ./main.o

.debug_abbrev   0x00000000     0x1cea
 *(.debug_abbrev)
 .debug_abbrev  0x00000000       0x12 ./Startup/startup_XMC1400.o
 .debug_abbrev  0x00000012      0x165 ./Startup/system_XMC1400.o
 .debug_abbrev  0x00000177      0x108 ./Libraries/XMCLib/src/xmc1_gpio.o
 .debug_abbrev  0x0000027f      0x2b2 ./Libraries/XMCLib/src/xmc1_scu.o
 .debug_abbrev  0x00000531      0x221 ./Libraries/XMCLib/src/xmc_ccu4.o
 .debug_abbrev  0x00000752      0x108 ./Libraries/XMCLib/src/xmc_gpio.o
 .debug_abbrev  0x0000085a      0x2a9 ./Libraries/XMCLib/src/xmc_math.o
 .debug_abbrev  0x00000b03       0xbd ./Libraries/Newlib/syscalls.o
 .debug_abbrev  0x00000bc0      0x241 ./Dave/Generated/TIMER/timer.o
 .debug_abbrev  0x00000e01      0x170 ./Dave/Generated/TIMER/timer_conf.o
 .debug_abbrev  0x00000f71      0x1c6 ./Dave/Generated/INTERRUPT/interrupt.o
 .debug_abbrev  0x00001137       0xdc ./Dave/Generated/INTERRUPT/interrupt_conf.o
 .debug_abbrev  0x00001213      0x185 ./Dave/Generated/GLOBAL_CCU4/global_ccu4.o
 .debug_abbrev  0x00001398      0x104 ./Dave/Generated/GLOBAL_CCU4/global_ccu4_conf.o
 .debug_abbrev  0x0000149c      0x126 ./Dave/Generated/DIGITAL_IO/digital_io.o
 .debug_abbrev  0x000015c2       0xdb ./Dave/Generated/DIGITAL_IO/digital_io_conf.o
 .debug_abbrev  0x0000169d      0x119 ./Dave/Generated/CPU_CTRL_XMC1/cpu_ctrl_xmc1_conf.o
 .debug_abbrev  0x000017b6      0x10b ./Dave/Generated/CLOCK_XMC1/clock_xmc1.o
 .debug_abbrev  0x000018c1      0x12b ./Dave/Generated/CLOCK_XMC1/clock_xmc1_conf.o
 .debug_abbrev  0x000019ec      0x19d ./Dave/Generated/DAVE.o
 .debug_abbrev  0x00001b89      0x161 ./main.o

.debug_line     0x00000000     0x4ccd
 *(.debug_line)
 .debug_line    0x00000000       0xe2 ./Startup/startup_XMC1400.o
 .debug_line    0x000000e2      0x2d9 ./Startup/system_XMC1400.o
 .debug_line    0x000003bb      0x29b ./Libraries/XMCLib/src/xmc1_gpio.o
 .debug_line    0x00000656      0x6f3 ./Libraries/XMCLib/src/xmc1_scu.o
 .debug_line    0x00000d49      0x692 ./Libraries/XMCLib/src/xmc_ccu4.o
 .debug_line    0x000013db      0x28e ./Libraries/XMCLib/src/xmc_gpio.o
 .debug_line    0x00001669      0x5fe ./Libraries/XMCLib/src/xmc_math.o
 .debug_line    0x00001c67       0xf5 ./Libraries/Newlib/syscalls.o
 .debug_line    0x00001d5c      0x63a ./Dave/Generated/TIMER/timer.o
 .debug_line    0x00002396      0x3b1 ./Dave/Generated/TIMER/timer_conf.o
 .debug_line    0x00002747      0x40a ./Dave/Generated/INTERRUPT/interrupt.o
 .debug_line    0x00002b51      0x316 ./Dave/Generated/INTERRUPT/interrupt_conf.o
 .debug_line    0x00002e67      0x3dc ./Dave/Generated/GLOBAL_CCU4/global_ccu4.o
 .debug_line    0x00003243      0x32a ./Dave/Generated/GLOBAL_CCU4/global_ccu4_conf.o
 .debug_line    0x0000356d      0x31c ./Dave/Generated/DIGITAL_IO/digital_io.o
 .debug_line    0x00003889      0x282 ./Dave/Generated/DIGITAL_IO/digital_io_conf.o
 .debug_line    0x00003b0b      0x2a8 ./Dave/Generated/CPU_CTRL_XMC1/cpu_ctrl_xmc1_conf.o
 .debug_line    0x00003db3      0x34a ./Dave/Generated/CLOCK_XMC1/clock_xmc1.o
 .debug_line    0x000040fd      0x321 ./Dave/Generated/CLOCK_XMC1/clock_xmc1_conf.o
 .debug_line    0x0000441e      0x46f ./Dave/Generated/DAVE.o
 .debug_line    0x0000488d      0x440 ./main.o

.debug_frame    0x00000000     0x1510
 *(.debug_frame)
 .debug_frame   0x00000000       0x9c ./Startup/system_XMC1400.o
 .debug_frame   0x0000009c       0x58 ./Libraries/XMCLib/src/xmc1_gpio.o
 .debug_frame   0x000000f4      0x53c ./Libraries/XMCLib/src/xmc1_scu.o
 .debug_frame   0x00000630      0x458 ./Libraries/XMCLib/src/xmc_ccu4.o
 .debug_frame   0x00000a88       0x54 ./Libraries/XMCLib/src/xmc_gpio.o
 .debug_frame   0x00000adc      0x380 ./Libraries/XMCLib/src/xmc_math.o
 .debug_frame   0x00000e5c       0x4c ./Libraries/Newlib/syscalls.o
 .debug_frame   0x00000ea8      0x330 ./Dave/Generated/TIMER/timer.o
 .debug_frame   0x000011d8       0xb8 ./Dave/Generated/INTERRUPT/interrupt.o
 .debug_frame   0x00001290       0x70 ./Dave/Generated/GLOBAL_CCU4/global_ccu4.o
 .debug_frame   0x00001300       0x50 ./Dave/Generated/DIGITAL_IO/digital_io.o
 .debug_frame   0x00001350       0x2c ./Dave/Generated/CPU_CTRL_XMC1/cpu_ctrl_xmc1_conf.o
 .debug_frame   0x0000137c       0x70 ./Dave/Generated/CLOCK_XMC1/clock_xmc1.o
 .debug_frame   0x000013ec       0x34 ./Dave/Generated/CLOCK_XMC1/clock_xmc1_conf.o
 .debug_frame   0x00001420       0x34 ./Dave/Generated/DAVE.o
 .debug_frame   0x00001454       0x90 ./main.o
 .debug_frame   0x000014e4       0x2c d:/downloads/dave_4-4-2_64bit_2018-02-23/dave-ide-4.4.2-64bit/dave-ide-4.4.2-64bit/eclipse/arm-gcc-49/bin/../lib/gcc/arm-none-eabi/4.9.3/../../../../arm-none-eabi/lib/armv6-m\libg_nano.a(lib_a-init.o)

.debug_str      0x00000000     0x5764
 *(.debug_str)
 .debug_str     0x00000000      0x402 ./Startup/system_XMC1400.o
                                0x448 (size before relaxing)
 .debug_str     0x00000402      0x696 ./Libraries/XMCLib/src/xmc1_gpio.o
                                0x90f (size before relaxing)
 .debug_str     0x00000a98     0x1fe3 ./Libraries/XMCLib/src/xmc1_scu.o
                               0x2412 (size before relaxing)
 .debug_str     0x00002a7b     0x14fd ./Libraries/XMCLib/src/xmc_ccu4.o
                               0x19d8 (size before relaxing)
 .debug_str     0x00003f78       0xca ./Libraries/XMCLib/src/xmc_gpio.o
                                0x85d (size before relaxing)
 .debug_str     0x00004042      0x701 ./Libraries/XMCLib/src/xmc_math.o
                                0x9b3 (size before relaxing)
 .debug_str     0x00004743       0x6f ./Libraries/Newlib/syscalls.o
                                0x216 (size before relaxing)
 .debug_str     0x000047b2      0x54f ./Dave/Generated/TIMER/timer.o
                                0xc4c (size before relaxing)
 .debug_str     0x00004d01      0x29a ./Dave/Generated/TIMER/timer_conf.o
                                0xb91 (size before relaxing)
 .debug_str     0x00004f9b      0x2f2 ./Dave/Generated/INTERRUPT/interrupt.o
                               0x1795 (size before relaxing)
 .debug_str     0x0000528d       0x38 ./Dave/Generated/INTERRUPT/interrupt_conf.o
                               0x1626 (size before relaxing)
 .debug_str     0x000052c5       0xb5 ./Dave/Generated/GLOBAL_CCU4/global_ccu4.o
                                0x585 (size before relaxing)
 .debug_str     0x0000537a       0x31 ./Dave/Generated/GLOBAL_CCU4/global_ccu4_conf.o
                                0x499 (size before relaxing)
 .debug_str     0x000053ab       0xdf ./Dave/Generated/DIGITAL_IO/digital_io.o
                                0xa49 (size before relaxing)
 .debug_str     0x0000548a       0x34 ./Dave/Generated/DIGITAL_IO/digital_io_conf.o
                                0x98f (size before relaxing)
 .debug_str     0x000054be       0x63 ./Dave/Generated/CPU_CTRL_XMC1/cpu_ctrl_xmc1_conf.o
                                0x34a (size before relaxing)
 .debug_str     0x00005521      0x144 ./Dave/Generated/CLOCK_XMC1/clock_xmc1.o
                                0x3ee (size before relaxing)
 .debug_str     0x00005665       0x50 ./Dave/Generated/CLOCK_XMC1/clock_xmc1_conf.o
                                0x626 (size before relaxing)
 .debug_str     0x000056b5       0x65 ./Dave/Generated/DAVE.o
                               0x22fa (size before relaxing)
 .debug_str     0x0000571a       0x4a ./main.o
                                0xa16 (size before relaxing)

.debug_loc      0x00000000     0x217c
 *(.debug_loc)
 .debug_loc     0x00000000       0xdc ./Startup/system_XMC1400.o
 .debug_loc     0x000000dc       0x70 ./Libraries/XMCLib/src/xmc1_gpio.o
 .debug_loc     0x0000014c      0x876 ./Libraries/XMCLib/src/xmc1_scu.o
 .debug_loc     0x000009c2      0x770 ./Libraries/XMCLib/src/xmc_ccu4.o
 .debug_loc     0x00001132       0x70 ./Libraries/XMCLib/src/xmc_gpio.o
 .debug_loc     0x000011a2      0x5ec ./Libraries/XMCLib/src/xmc_math.o
 .debug_loc     0x0000178e       0x64 ./Libraries/Newlib/syscalls.o
 .debug_loc     0x000017f2      0x542 ./Dave/Generated/TIMER/timer.o
 .debug_loc     0x00001d34      0x118 ./Dave/Generated/INTERRUPT/interrupt.o
 .debug_loc     0x00001e4c       0xa8 ./Dave/Generated/GLOBAL_CCU4/global_ccu4.o
 .debug_loc     0x00001ef4       0x70 ./Dave/Generated/DIGITAL_IO/digital_io.o
 .debug_loc     0x00001f64       0x2c ./Dave/Generated/CPU_CTRL_XMC1/cpu_ctrl_xmc1_conf.o
 .debug_loc     0x00001f90       0xa8 ./Dave/Generated/CLOCK_XMC1/clock_xmc1.o
 .debug_loc     0x00002038       0x38 ./Dave/Generated/CLOCK_XMC1/clock_xmc1_conf.o
 .debug_loc     0x00002070       0x38 ./Dave/Generated/DAVE.o
 .debug_loc     0x000020a8       0xd4 ./main.o

.debug_macinfo
 *(.debug_macinfo)

.debug_ranges   0x00000000      0x588
 *(.debug_ranges)
 .debug_ranges  0x00000000       0x20 ./Startup/startup_XMC1400.o
 .debug_ranges  0x00000020       0x30 ./Startup/system_XMC1400.o
 .debug_ranges  0x00000050       0x18 ./Libraries/XMCLib/src/xmc1_gpio.o
 .debug_ranges  0x00000068      0x150 ./Libraries/XMCLib/src/xmc1_scu.o
 .debug_ranges  0x000001b8      0x118 ./Libraries/XMCLib/src/xmc_ccu4.o
 .debug_ranges  0x000002d0       0x18 ./Libraries/XMCLib/src/xmc_gpio.o
 .debug_ranges  0x000002e8       0xe0 ./Libraries/XMCLib/src/xmc_math.o
 .debug_ranges  0x000003c8       0x18 ./Libraries/Newlib/syscalls.o
 .debug_ranges  0x000003e0       0xc8 ./Dave/Generated/TIMER/timer.o
 .debug_ranges  0x000004a8       0x30 ./Dave/Generated/INTERRUPT/interrupt.o
 .debug_ranges  0x000004d8       0x20 ./Dave/Generated/GLOBAL_CCU4/global_ccu4.o
 .debug_ranges  0x000004f8       0x18 ./Dave/Generated/DIGITAL_IO/digital_io.o
 .debug_ranges  0x00000510       0x10 ./Dave/Generated/CPU_CTRL_XMC1/cpu_ctrl_xmc1_conf.o
 .debug_ranges  0x00000520       0x20 ./Dave/Generated/CLOCK_XMC1/clock_xmc1.o
 .debug_ranges  0x00000540       0x10 ./Dave/Generated/CLOCK_XMC1/clock_xmc1_conf.o
 .debug_ranges  0x00000550       0x10 ./Dave/Generated/DAVE.o
 .debug_ranges  0x00000560       0x28 ./main.o

.debug_weaknames
 *(.debug_weaknames)

.debug_funcnames
 *(.debug_funcnames)

.debug_typenames
 *(.debug_typenames)

.debug_varnames
 *(.debug_varnames)

.build_attributes
                0x00000000      0x421
 *(.ARM.attributes)
 .ARM.attributes
                0x00000000       0x21 ./Startup/startup_XMC1400.o
 .ARM.attributes
                0x00000021       0x31 ./Startup/system_XMC1400.o
 .ARM.attributes
                0x00000052       0x31 ./Libraries/XMCLib/src/xmc1_gpio.o
 .ARM.attributes
                0x00000083       0x31 ./Libraries/XMCLib/src/xmc1_scu.o
 .ARM.attributes
                0x000000b4       0x31 ./Libraries/XMCLib/src/xmc_ccu4.o
 .ARM.attributes
                0x000000e5       0x31 ./Libraries/XMCLib/src/xmc_gpio.o
 .ARM.attributes
                0x00000116       0x31 ./Libraries/XMCLib/src/xmc_math.o
 .ARM.attributes
                0x00000147       0x31 ./Libraries/Newlib/syscalls.o
 .ARM.attributes
                0x00000178       0x31 ./Dave/Generated/TIMER/timer.o
 .ARM.attributes
                0x000001a9       0x31 ./Dave/Generated/TIMER/timer_conf.o
 .ARM.attributes
                0x000001da       0x31 ./Dave/Generated/INTERRUPT/interrupt.o
 .ARM.attributes
                0x0000020b       0x31 ./Dave/Generated/INTERRUPT/interrupt_conf.o
 .ARM.attributes
                0x0000023c       0x31 ./Dave/Generated/GLOBAL_CCU4/global_ccu4.o
 .ARM.attributes
                0x0000026d       0x31 ./Dave/Generated/GLOBAL_CCU4/global_ccu4_conf.o
 .ARM.attributes
                0x0000029e       0x31 ./Dave/Generated/DIGITAL_IO/digital_io.o
 .ARM.attributes
                0x000002cf       0x31 ./Dave/Generated/DIGITAL_IO/digital_io_conf.o
 .ARM.attributes
                0x00000300       0x31 ./Dave/Generated/CPU_CTRL_XMC1/cpu_ctrl_xmc1_conf.o
 .ARM.attributes
                0x00000331       0x31 ./Dave/Generated/CLOCK_XMC1/clock_xmc1.o
 .ARM.attributes
                0x00000362       0x31 ./Dave/Generated/CLOCK_XMC1/clock_xmc1_conf.o
 .ARM.attributes
                0x00000393       0x31 ./Dave/Generated/DAVE.o
 .ARM.attributes
                0x000003c4       0x31 ./main.o
 .ARM.attributes
                0x000003f5       0x2c d:/downloads/dave_4-4-2_64bit_2018-02-23/dave-ide-4.4.2-64bit/dave-ide-4.4.2-64bit/eclipse/arm-gcc-49/bin/../lib/gcc/arm-none-eabi/4.9.3/../../../../arm-none-eabi/lib/armv6-m\libg_nano.a(lib_a-init.o)
OUTPUT(LEDblinkingbyTimer.elf elf32-littlearm)
